// Jest Snapshot v1, https://goo.gl/fbAQLP

exports[`ambiguity 1`] = `
Array [
  Object {
    "info": Object {
      "description": "あいまいなパターンが無いと良い",
      "id": "ambiguity",
      "notice": "「shi」や「si」は h を入れるかどうかを覚えにくい。",
    },
    "result": Object {
      "help": "入っていない",
      "rank": "S",
    },
  },
  Object {
    "info": Object {
      "description": "あいまいなパターンが無いと良い",
      "id": "ambiguity",
      "notice": "「shi」や「si」は h を入れるかどうかを覚えにくい。",
    },
    "result": Object {
      "help": "「si」と「shi」は間違えやすい",
      "rank": "A",
    },
  },
]
`;

exports[`length_long 1`] = `
Array [
  Object {
    "info": Object {
      "description": "長すぎないと良い",
      "id": "length_long",
      "notice": "表示しやすい。覚えやすい。",
    },
    "result": Object {
      "help": "6文字以下である",
      "rank": "S",
    },
  },
  Object {
    "info": Object {
      "description": "長すぎないと良い",
      "id": "length_long",
      "notice": "表示しやすい。覚えやすい。",
    },
    "result": Object {
      "help": "10文字以下である",
      "rank": "A",
    },
  },
  Object {
    "info": Object {
      "description": "長すぎないと良い",
      "id": "length_long",
      "notice": "表示しやすい。覚えやすい。",
    },
    "result": Object {
      "help": "20文字以下である",
      "rank": "B",
    },
  },
  Object {
    "info": Object {
      "description": "長すぎないと良い",
      "id": "length_long",
      "notice": "表示しやすい。覚えやすい。",
    },
    "result": Object {
      "help": "21文字以上である",
      "rank": "C",
    },
  },
]
`;

exports[`length_short 1`] = `
Array [
  Object {
    "info": Object {
      "description": "短すぎないと良い",
      "id": "length_short",
      "notice": "5文字以下だと登録できないサイトがある。",
    },
    "result": Object {
      "help": "6文字以上である",
      "rank": "S",
    },
  },
  Object {
    "info": Object {
      "description": "短すぎないと良い",
      "id": "length_short",
      "notice": "5文字以下だと登録できないサイトがある。",
    },
    "result": Object {
      "help": "4文字以上である",
      "rank": "A",
    },
  },
  Object {
    "info": Object {
      "description": "短すぎないと良い",
      "id": "length_short",
      "notice": "5文字以下だと登録できないサイトがある。",
    },
    "result": Object {
      "help": "3文字以下である",
      "rank": "C",
    },
  },
]
`;

exports[`sign_count 1`] = `
Array [
  Object {
    "info": Object {
      "description": "記号が少ないと良い",
      "id": "sign_count",
      "notice": "記号はユーザ名に使えない事が多い。ドメイン名やURLで使えないことが多い。",
    },
    "result": Object {
      "help": "入っていない",
      "rank": "S",
    },
  },
  Object {
    "info": Object {
      "description": "記号が少ないと良い",
      "id": "sign_count",
      "notice": "記号はユーザ名に使えない事が多い。ドメイン名やURLで使えないことが多い。",
    },
    "result": Object {
      "help": "1個ある",
      "rank": "A",
    },
  },
  Object {
    "info": Object {
      "description": "記号が少ないと良い",
      "id": "sign_count",
      "notice": "記号はユーザ名に使えない事が多い。ドメイン名やURLで使えないことが多い。",
    },
    "result": Object {
      "help": "2個ある",
      "rank": "B",
    },
  },
  Object {
    "info": Object {
      "description": "記号が少ないと良い",
      "id": "sign_count",
      "notice": "記号はユーザ名に使えない事が多い。ドメイン名やURLで使えないことが多い。",
    },
    "result": Object {
      "help": "3個以上ある",
      "rank": "C",
    },
  },
]
`;

exports[`string_order 1`] = `
Array [
  Object {
    "info": Object {
      "description": "名前順が早いと良い",
      "id": "string_order",
      "notice": "リストアップで上に出やすい。",
    },
    "result": Object {
      "help": "eより早い",
      "rank": "S",
    },
  },
  Object {
    "info": Object {
      "description": "名前順が早いと良い",
      "id": "string_order",
      "notice": "リストアップで上に出やすい。",
    },
    "result": Object {
      "help": "lより早い",
      "rank": "A",
    },
  },
  Object {
    "info": Object {
      "description": "名前順が早いと良い",
      "id": "string_order",
      "notice": "リストアップで上に出やすい。",
    },
    "result": Object {
      "help": "sより早い",
      "rank": "B",
    },
  },
  Object {
    "info": Object {
      "description": "名前順が早いと良い",
      "id": "string_order",
      "notice": "リストアップで上に出やすい。",
    },
    "result": Object {
      "help": "rより遅い",
      "rank": "C",
    },
  },
]
`;
